[templates.iqonic.design/appino/html/color-video-background/v3/index.html]
[backblue.gif]
[fade.gif]
[index.html]
[templates.iqonic.design/appino/html/color-video-background/v3/images/favicon.ico]
[templates.iqonic.design/appino/html/color-video-background/v3/css/bootstrap.min.css]
[templates.iqonic.design/appino/html/color-video-background/v3/css/owl-carousel/owl.carousel.css]
[templates.iqonic.design/appino/html/color-video-background/v3/css/font-awesome.css]
[templates.iqonic.design/appino/html/color-video-background/v3/css/magnific-popup/magnific-popup.css]
[templates.iqonic.design/appino/html/color-video-background/v3/css/animate.css]
[templates.iqonic.design/appino/html/color-video-background/v3/css/ionicons.min.css]
[templates.iqonic.design/appino/html/color-video-background/v3/css/style.css]
[templates.iqonic.design/appino/html/color-video-background/v3/css/responsive.css]
[templates.iqonic.design/appino/html/color-video-background/v3/css/style-customizer.css]
[templates.iqonic.design/appino/html/color-video-background/v3/css/custom.css]
[templates.iqonic.design/appino/html/color-video-background/v3/images/logo.png]
[templates.iqonic.design/appino/html/color-video-background/v3/images/banner/02.png]
[templates.iqonic.design/appino/html/color-video-background/v3/images/banner/04.png]
[templates.iqonic.design/appino/html/color-video-background/v3/images/banner/05.png]
[templates.iqonic.design/appino/html/color-video-background/v3/images/banner/06.png]
[templates.iqonic.design/appino/html/color-video-background/v3/images/banner/07.png]
[templates.iqonic.design/appino/html/color-video-background/v3/images/banner/08.png]
[templates.iqonic.design/appino/html/color-video-background/v3/video/01.mp4]
[templates.iqonic.design/appino/html/color-video-background/v3/images/01.png]
[templates.iqonic.design/appino/html/color-video-background/v3/images/screenshots/01.jpg]
[templates.iqonic.design/appino/html/color-video-background/v3/images/screenshots/02.jpg]
[templates.iqonic.design/appino/html/color-video-background/v3/images/screenshots/03.jpg]
[templates.iqonic.design/appino/html/color-video-background/v3/images/screenshots/04.jpg]
[templates.iqonic.design/appino/html/color-video-background/v3/images/screenshots/05.jpg]
[templates.iqonic.design/appino/html/color-video-background/v3/images/screenshots/06.jpg]
[templates.iqonic.design/appino/html/color-video-background/v3/images/banner/bg.jpg]
[templates.iqonic.design/appino/html/color-video-background/v3/images/testimonial/01.jpg]
[templates.iqonic.design/appino/html/color-video-background/v3/images/testimonial/02.jpg]
[templates.iqonic.design/appino/html/color-video-background/v3/images/testimonial/03.jpg]
[templates.iqonic.design/appino/html/color-video-background/v3/images/team/01.jpg]
[templates.iqonic.design/appino/html/color-video-background/v3/images/team/02.jpg]
[templates.iqonic.design/appino/html/color-video-background/v3/images/team/03.jpg]
[templates.iqonic.design/appino/html/color-video-background/v3/images/team/04.jpg]
[templates.iqonic.design/appino/html/color-video-background/v3/images/about/04.jpg]
[templates.iqonic.design/appino/html/color-video-background/v3/images/faq-1.jpg]
[templates.iqonic.design/appino/html/color-video-background/v3/images/blog/01.jpg]
[templates.iqonic.design/appino/html/color-video-background/v3/blog-single.html]
[templates.iqonic.design/appino/html/color-video-background/v3/images/blog/02.jpg]
[templates.iqonic.design/appino/html/color-video-background/v3/images/blog/03.jpg]
[templates.iqonic.design/appino/html/color-video-background/v3/blog-2-columns.html]
[templates.iqonic.design/appino/html/color-video-background/v3/images/clients/gray/01.png]
[templates.iqonic.design/appino/html/color-video-background/v3/images/clients/gray/02.png]
[templates.iqonic.design/appino/html/color-video-background/v3/images/clients/gray/03.png]
[templates.iqonic.design/appino/html/color-video-background/v3/images/clients/gray/04.png]
[templates.iqonic.design/appino/html/color-video-background/v3/images/clients/gray/05.png]
[templates.iqonic.design/appino/html/color-video-background/v3/images/clients/gray/06.png]
[templates.iqonic.design/appino/html/color-video-background/v3/images/clients/gray/07.png]
[templates.iqonic.design/appino/html/color-video-background/v3/images/clients/gray/08.png]
[templates.iqonic.design/appino/html/color-video-background/v3/images/clients/gray/09.png]
[templates.iqonic.design/appino/html/color-video-background/v3/images/ajax-loader.gif]
[templates.iqonic.design/appino/html/color-video-background/v3/js/jquery.min.js]
[templates.iqonic.design/appino/html/color-video-background/v3/js/owl-carousel/owl.carousel.min.js]
[templates.iqonic.design/appino/html/color-video-background/v3/js/counter/jquery.countTo.js]
[templates.iqonic.design/appino/html/color-video-background/v3/js/jquery.appear.js]
[templates.iqonic.design/appino/html/color-video-background/v3/js/magnific-popup/jquery.magnific-popup.min.js]
[templates.iqonic.design/appino/html/color-video-background/v3/js/retina.min.js]
[templates.iqonic.design/appino/html/color-video-background/v3/js/wow.min.js]
[templates.iqonic.design/appino/html/color-video-background/v3/js/skrollr.min.js]
[templates.iqonic.design/appino/html/color-video-background/v3/js/jquery.vide.js]
[templates.iqonic.design/appino/html/color-video-background/v3/js/jquery.countdown.min.js]
[templates.iqonic.design/appino/html/color-video-background/v3/js/bootstrap.min.js]
[templates.iqonic.design/appino/html/color-video-background/v3/js/style-customizer.js]
[templates.iqonic.design/appino/html/color-video-background/v3/js/custom.js]
[templates.iqonic.design/appino/html/color-video-background/v3/index.html]
[templates.iqonic.design/appino/html/color-video-background/v3/fonts/glyphicons-halflings-regular.eot]
[templates.iqonic.design/appino/html/color-video-background/v3/fonts/glyphicons-halflings-regulard41d.eot]
[templates.iqonic.design/appino/html/color-video-background/v3/fonts/glyphicons-halflings-regular.woff2]
[templates.iqonic.design/appino/html/color-video-background/v3/fonts/glyphicons-halflings-regular.woff]
[templates.iqonic.design/appino/html/color-video-background/v3/fonts/glyphicons-halflings-regular.ttf]
[templates.iqonic.design/appino/html/color-video-background/v3/fonts/glyphicons-halflings-regular.svg]
[templates.iqonic.design/appino/html/color-video-background/v3/css/bootstrap.min.css]
[templates.iqonic.design/appino/html/color-video-background/v3/css/owl-carousel/owl.video.play.png]
[templates.iqonic.design/appino/html/color-video-background/v3/css/owl-carousel/owl.carousel.css]
[templates.iqonic.design/appino/html/color-video-background/v3/fonts/fontawesome-webfont3e6e.eot]
[templates.iqonic.design/appino/html/color-video-background/v3/fonts/fontawesome-webfontd41d.eot]
[templates.iqonic.design/appino/html/color-video-background/v3/fonts/fontawesome-webfont3e6e.woff2]
[templates.iqonic.design/appino/html/color-video-background/v3/fonts/fontawesome-webfont3e6e.woff]
[templates.iqonic.design/appino/html/color-video-background/v3/fonts/fontawesome-webfont3e6e.ttf]
[templates.iqonic.design/appino/html/color-video-background/v3/css/font-awesome.css]
[templates.iqonic.design/appino/html/color-video-background/v3/css/magnific-popup/magnific-popup.css]
[templates.iqonic.design/appino/html/color-video-background/v3/css/animate.css]
[templates.iqonic.design/appino/html/color-video-background/v3/fonts/fontawesome-webfont3e6e.svg]
[templates.iqonic.design/appino/html/color-video-background/v3/fonts/ionicons28b5.eot]
[templates.iqonic.design/appino/html/color-video-background/v3/fonts/ionicons28b5.ttf]
[templates.iqonic.design/appino/html/color-video-background/v3/fonts/ionicons28b5.woff]
[templates.iqonic.design/appino/html/color-video-background/v3/css/ionicons.min.css]
[templates.iqonic.design/appino/html/color-video-background/v3/fonts/ionicons28b5.svg]
[templates.iqonic.design/appino/html/color-video-background/v3/images/arrow.png]
[templates.iqonic.design/appino/html/color-video-background/v3/images/screenshots/phone.png]
[templates.iqonic.design/appino/html/color-video-background/v3/images/about/03.jpg]
[templates.iqonic.design/appino/html/color-video-background/v3/css/style.css]
[templates.iqonic.design/appino/html/color-video-background/v3/css/responsive.css]
[templates.iqonic.design/appino/html/color-video-background/v3/css/style-customizer.css]
[templates.iqonic.design/appino/html/color-video-background/v3/css/custom.css]
[templates.iqonic.design/appino/html/color-video-background/v3/blog-single.html]
[templates.iqonic.design/appino/html/color-video-background/v3/images/blog/04.jpg]
[templates.iqonic.design/appino/html/color-video-background/v3/images/blog/05.jpg]
[templates.iqonic.design/appino/html/color-video-background/v3/images/blog/06.jpg]
[templates.iqonic.design/appino/html/color-video-background/v3/blog-2-columns.html]
[templates.iqonic.design/appino/html/color-video-background/v3/fonts/glyphicons-halflings-regular.html]
[templates.iqonic.design/appino/html/color-video-background/v3/fonts/glyphicons-halflings-regulard41d.html]
[templates.iqonic.design/appino/html/color-video-background/v3/fonts/glyphicons-halflings-regular-2.html]
[templates.iqonic.design/appino/html/color-video-background/v3/fonts/glyphicons-halflings-regular-3.html]
[templates.iqonic.design/appino/html/color-video-background/v3/fonts/glyphicons-halflings-regular-4.html]
[templates.iqonic.design/appino/html/color-video-background/v3/fonts/glyphicons-halflings-regular-5.html]
[templates.iqonic.design/appino/html/color-video-background/v3/css/owl-carousel/owl.video.play.html]
[templates.iqonic.design/appino/html/color-video-background/v3/fonts/fontawesome-webfont3e6e.svg]
[templates.iqonic.design/appino/html/color-video-background/v3/fonts/ionicons28b5.svg]
